=== Welcome to the Hospital Management System ===     
1. Administrator Login
2. Doctor Login
3. Pharmacist Login
4. Patient Login
5. Save Changes
6. Exit
Please select your role (1-6): 2
Enter Hospital ID: D001
Enter Password: password
Doctor logged in successfully!

Doctor Menu:
1. View Patient Medical Records
2. Update Patient Medical Records
3. View Personal Schedule
4. Set Availability for Appointments
5. Accept or Decline Appointment Requests
6. View Upcoming Appointments
7. Record Appointment Outcome
0. Logout
Enter your choice: 7

Completed Appointments:
1. Appointment ID: 13, Patient ID: P003, Date: 2024-11-11, Time: 10:30 - 12:30
Enter the number of the appointment to record outcome (or 0 to cancel): 1

Recording outcome for Appointment ID: 13
Enter the type of service provided (e.g., consultation, X-ray, blood test): consultation
Enter prescribed medications (enter 'done' when finished):
Medication Name (or 'done'): sildenafil
Status for sildenafil (default is 'pending'): pending
Medication Name (or 'done'): done
Enter consultation notes: used for leg cramps
Appointment outcome recorded successfully.

Doctor Menu:
1. View Patient Medical Records
2. Update Patient Medical Records
3. View Personal Schedule
4. Set Availability for Appointments
5. Accept or Decline Appointment Requests
6. View Upcoming Appointments
7. Record Appointment Outcome
0. Logout
Enter your choice: 0
Logging out...

=== Welcome to the Hospital Management System ===     
1. Administrator Login
2. Doctor Login
3. Pharmacist Login
4. Patient Login
5. Save Changes
6. Exit
Please select your role (1-6):