=== Welcome to the Hospital Management System ===     
1. Administrator Login
2. Doctor Login
3. Pharmacist Login
4. Patient Login
5. Save Changes
6. Exit
Please select your role (1-6): 3
Enter Hospital ID: F001
Enter Password: password
Pharmacist logged in successfully!

Pharmacist Menu:
1. View Appointment Outcome Records
2. Update Prescription Status
3. View Medication Inventory
4. Submit Replenishment Request
5. Back
Enter your choice: 4
Enter Medication Name to replenish: Paracetamol
Enter quantity to replenish: 30
Replenishment request submitted successfully.

Pharmacist Menu:
1. View Appointment Outcome Records
2. Update Prescription Status
3. View Medication Inventory
4. Submit Replenishment Request
5. Back
Enter your choice: 5

=== Welcome to the Hospital Management System ===     
1. Administrator Login
2. Doctor Login
3. Pharmacist Login
4. Patient Login
5. Save Changes
6. Exit
Please select your role (1-6):