=== Welcome to the Hospital Management System ===     
1. Administrator Login
2. Doctor Login
3. Pharmacist Login
4. Patient Login
5. Save Changes
6. Exit
Please select your role (1-6): 4
Enter Hospital ID: P002
Enter Password: password
Patient logged in successfully!

Patient Menu:
1. View Medical Record
2. Update Contact Information
3. View Available Appointment Slots
4. Schedule Appointment
5. Reschedule Appointment
6. Cancel Appointment
7. View Appointment Status
8. View Appointment Outcome Records
9. Change Password
0. Log out
Enter your choice: 4
Enter the date (yyyy-MM-dd) for which you want to schedule an appointment: 2024-10-28

Available Doctors:
1. Dr. John Smith (ID: D001)
2. Dr. Emily Clarke (ID: D002)
Enter the number corresponding to the doctor you want to book an appointment with: 1
You have selected Dr. John Smith

Available Appointment Slots with Dr. John Smith on 2024-10-28:
1. 09:30 - 10:00
2. 10:00 - 10:30
3. 10:30 - 11:00
4. 11:00 - 11:30
5. 11:30 - 12:00
6. 12:00 - 12:30
7. 12:30 - 13:00
8. 13:00 - 13:30
9. 13:30 - 14:00
10. 14:00 - 14:30
11. 14:30 - 15:00
12. 15:00 - 15:30
13. 16:00 - 16:30
14. 16:30 - 17:00
Enter the number corresponding to the time slot you want to book: 2
You have selected 10:00 - 10:30
Appointment request successfully submitted with Dr. John Smith on 2024-10-28 at 10:00 - 10:30.
Please await doctor's approval.

Patient Menu:
1. View Medical Record
2. Update Contact Information
3. View Available Appointment Slots
4. Schedule Appointment
5. Reschedule Appointment
6. Cancel Appointment
7. View Appointment Status
8. View Appointment Outcome Records
9. Change Password
0. Log out
Enter your choice: 0

=== Welcome to the Hospital Management System ===     
1. Administrator Login
2. Doctor Login
3. Pharmacist Login
4. Patient Login
5. Save Changes
6. Exit
Please select your role (1-6):