=== Welcome to the Hospital Management System ===     
1. Administrator Login
2. Doctor Login
3. Pharmacist Login
4. Patient Login
5. Save Changes
6. Exit
Please select your role (1-6): 2
Enter Hospital ID: D001
Enter Password: password
Doctor logged in successfully!

Doctor Menu:
1. View Patient Medical Records
2. Update Patient Medical Records
3. View Personal Schedule
4. Set Availability for Appointments
5. Accept or Decline Appointment Requests
6. View Upcoming Appointments
7. Record Appointment Outcome
0. Logout
Enter your choice: 3
Availability slots:
Date: 2024-10-28
  09:00 - 09:30
  09:30 - 10:00
  10:00 - 10:30
  10:30 - 11:00
  11:00 - 11:30
  11:30 - 12:00
  12:00 - 12:30
  12:30 - 13:00
  13:00 - 13:30
  13:30 - 14:00
  14:00 - 14:30
  14:30 - 15:00
  15:00 - 15:30
  15:30 - 16:00
  16:00 - 16:30
  16:30 - 17:00
Date: 2024-05-11
  09:30 - 10:00
  10:00 - 10:30
Date: 2024-11-11
  10:30 - 11:00
  11:00 - 11:30
  11:30 - 12:00
  12:00 - 12:30

You have no upcoming appointments.

Doctor Menu:
1. View Patient Medical Records
2. Update Patient Medical Records
3. View Personal Schedule
4. Set Availability for Appointments
5. Accept or Decline Appointment Requests
6. View Upcoming Appointments
7. Record Appointment Outcome
0. Logout
Enter your choice: 0
Logging out...

=== Welcome to the Hospital Management System ===     
1. Administrator Login
2. Doctor Login
3. Pharmacist Login
4. Patient Login
5. Save Changes
6. Exit
Please select your role (1-6):