=== Welcome to the Hospital Management System ===     
1. Administrator Login
2. Doctor Login
3. Pharmacist Login
4. Patient Login
5. Save Changes
6. Exit
Please select your role (1-6): 4
Enter Hospital ID: P002
Enter Password: hello
Invalid Hospital ID or Password!

=== Welcome to the Hospital Management System ===     
1. Administrator Login
2. Doctor Login
3. Pharmacist Login
4. Patient Login
5. Save Changes
6. Exit
Please select your role (1-6):