Your Appointments:
Appointment ID: 1, Doctor: Dr. John Smith, Date: 2024-10-20, Time: 09:00 - 09:30, Status: Completed
Appointment ID: 5, Doctor: Dr. John Smith, Date: 2024-10-28, Time: 15:30 - 16:00, Status: Scheduled
Appointment ID: 7, Doctor: Dr. John Smith, Date: 2024-10-28, Time: 09:00 - 09:30, Status: Rescheduled
Appointment ID: 10, Doctor: Dr. John Smith, Date: 2024-05-11, Time: 09:30 - 10:30, Status: Declined
Appointment ID: 11, Doctor: Dr. John Smith, Date: 2024-10-28, Time: 09:00 - 09:30, Status: Scheduled
Appointment ID: 14, Doctor: Dr. John Smith, Date: 2024-10-28, Time: 09:30 - 10:00, Status: Confirmed
Appointment ID: 15, Doctor: Dr. John Smith, Date: 2024-10-28, Time: 09:30 - 10:00, Status: Confirmed
Appointment ID: 16, Doctor: Dr. John Smith, Date: 2024-10-28, Time: 09:30 - 10:00, Status: Requested
Appointment ID: 17, Doctor: Dr. John Smith, Date: 2024-10-28, Time: 10:00 - 10:30, Status: Requested
Appointment ID: 18, Doctor: Dr. John Smith, Date: 2024-12-25, Time: 12:30 - 13:00, Status: Rescheduled

Patient Menu:
1. View Medical Record
2. Update Contact Information
3. View Available Appointment Slots
4. Schedule Appointment
5. Reschedule Appointment
6. Cancel Appointment
7. View Appointment Status
8. View Appointment Outcome Records
9. Change Password
0. Log out
Enter your choice: