Pharmacist Menu:
1. View Appointment Outcome Records
2. Update Prescription Status
3. View Medication Inventory
4. Submit Replenishment Request
5. Back
Enter your choice: 4
Enter Medication Name to replenish: Paracetamol
Enter quantity to replenish: 10
Replenishment request submitted successfully.
Message sent successfully!
Administrator Telegram Notification Success

Pharmacist Menu:
1. View Appointment Outcome Records
2. Update Prescription Status
3. View Medication Inventory
4. Submit Replenishment Request
5. Back
Enter your choice: